<html>
<body>
<pre>
<h1>µVision Build Log</h1>
<h2>Tool Versions:</h2>
IDE-Version: £gVision V5.20.0.0
Copyright (C) 2016 ARM Ltd and ARM Germany GmbH. All rights reserved.
License Information: kent kenbt, kent, LIC=ZB445-GPGYX-6Q10X-H8F6U-0ZQPR-7EWXL
 
Tool Versions:
Toolchain:       MDK-ARM Plus  Version: 5.20
Toolchain Path:  C:\Keil_v5\ARM\ARMCC\Bin
C Compiler:      Armcc.exe V5.06 update 2 (build 183)
Assembler:       Armasm.exe V5.06 update 2 (build 183)
Linker/Locator:  ArmLink.exe V5.06 update 2 (build 183)
Library Manager: ArmAr.exe V5.06 update 2 (build 183)
Hex Converter:   FromElf.exe V5.06 update 2 (build 183)
CPU DLL:         SARMCM3.DLL V5.20
Dialog DLL:      DARMCM1.DLL V1.14.0.0
Target DLL:      STLink\ST-LINKIII-KEIL_SWO.dll V2.0.18.0
Dialog DLL:      TARMCM1.DLL V1.10.0.0
 
<h2>Project:</h2>
C:\Users\Leedarson-HW\Desktop\SMT32_practice\UART&PWM_2\MDK-ARM\UART&PWM_2.uvprojx
Project File Date:  11/21/2017

<h2>Output:</h2>
*** Using Compiler 'V5.06 update 2 (build 183)', folder: 'C:\Keil_v5\ARM\ARMCC\Bin'
Rebuild target 'UART&PWM_2'
compiling main.c...
../Src/main.c(154): warning:  #167-D: argument of type "char *" is incompatible with parameter of type "uint8_t *"
  		HAL_UART_Transmit(&huart1,buffer,sizeof(buffer),1000);			
../Src/main.c(158): warning:  #167-D: argument of type "char *" is incompatible with parameter of type "uint8_t *"
  	HAL_UART_Receive_IT(&huart1,rx_data,1);
../Src/main.c(200): warning:  #167-D: argument of type "char *" is incompatible with parameter of type "uint8_t *"
    HAL_UART_Receive_IT(&huart1,rx_data,1);
../Src/main.c(227): warning:  #167-D: argument of type "char *" is incompatible with parameter of type "uint8_t *"
  			 HAL_UART_Receive_IT(&huart1,rx_data,1);
../Src/main.c(232): warning:  #167-D: argument of type "char *" is incompatible with parameter of type "uint8_t *"
  			 HAL_UART_Receive_IT(&huart1,rx_data,1);
../Src/main.c: 5 warnings, 0 errors
compiling stm32f0xx_it.c...
compiling gpio.c...
compiling stm32f0xx_hal_msp.c...
compiling tim.c...
compiling usart.c...
assembling startup_stm32f030x6.s...
compiling stm32f0xx_hal.c...
compiling stm32f0xx_hal_dma.c...
compiling stm32f0xx_hal_pwr_ex.c...
compiling stm32f0xx_hal_flash.c...
compiling stm32f0xx_hal_cortex.c...
compiling stm32f0xx_hal_uart.c...
compiling stm32f0xx_hal_pwr.c...
compiling stm32f0xx_hal_gpio.c...
compiling stm32f0xx_hal_flash_ex.c...
compiling stm32f0xx_hal_tim.c...
compiling stm32f0xx_hal_rcc_ex.c...
compiling stm32f0xx_hal_tim_ex.c...
compiling stm32f0xx_hal_i2c.c...
compiling stm32f0xx_hal_rcc.c...
compiling stm32f0xx_hal_uart_ex.c...
compiling stm32f0xx_hal_i2c_ex.c...
compiling system_stm32f0xx.c...
linking...
Program Size: Code=6488 RO-data=232 RW-data=40 ZI-data=1400  
FromELF: creating hex file...
"UART&PWM_2\UART&PWM_2.axf" - 0 Error(s), 5 Warning(s).

<h2>Software Packages used:</h2>

Package Vendor: ARM
                http://www.keil.com/pack/ARM.CMSIS.4.5.0.pack
                ARM::CMSIS:CORE:4.3.0
                CMSIS (Cortex Microcontroller Software Interface Standard)
   * Component: CORE Version: 4.3.0

<h2>Collection of Component include folders:</h2>
  C:\Users\Leedarson-HW\Desktop\SMT32_practice\UART&PWM_2\MDK-ARM\RTE
  C:\Keil_v5\ARM\PACK\ARM\CMSIS\4.5.0\CMSIS\Include
  C:\Keil_v5\ARM\PACK\Keil\STM32F0xx_DFP\1.5.0\Device\Include

<h2>Collection of Component Files used:</h2>

   * Component: ARM::CMSIS:CORE:4.3.0
Build Time Elapsed:  00:00:05
</pre>
</body>
</html>
